
> nextn@0.1.0 build
> cross-env NODE_ENV=production next build

   Γû▓ Next.js 15.5.9
   - Environments: .env.local

   Creating an optimized production build ...
 Γ£ô Compiled successfully in 114s
   Skipping validation of types
   Skipping linting
   Collecting page data ...
node.exe : unhandledRejection [Error [PageNotFoundError]: Cannot find module 
for page: /_document] {
At line:1 char:1
+ & "C:\Program Files\nodejs/node.exe" "C:\Program Files\nodejs/node_mo ...
+ ~~~~~~~~~~~~~~~~~~~~~~~~~~~~~~~~~~~~~~~~~~~~~~~~~~~~~~~~~~~~~~~~~~~~~
    + CategoryInfo          : NotSpecified: (unhandledReject...: /_document] { 
   :String) [], RemoteException
    + FullyQualifiedErrorId : NativeCommandError
 
  type: 'PageNotFoundError',
  code: 'ENOENT'
}
